=== TEST TRANSFORM 3D ===

Điểm gốc: (10, 20, 30)
Pivot: (5, 5, 5)

--- TEST 1: PHÉP TỊNH TIẾN (Translation) ---
Tịnh tiến offset (10, 20, 30)
Kết quả: (20, 40, 60)
Mong đợi: (20, 40, 60)

--- TEST 2: PHÉP TỶ LỆ (Scale) quanh pivot bất kỳ ---
Scale 2x quanh pivot (5, 5, 5)
Điểm gốc: (10, 20, 30)
Kết quả: (25.00, 45.00, 65.00)

--- TEST 3: PHÉP QUAY (Rotation) quanh trục X ---
Quay 90° quanh trục X, pivot (5, 5, 5)
Điểm gốc: (10, 20, 30)
Kết quả: (10.00, -40.00, 20.00)

--- TEST 4: PHÉP QUAY (Rotation) quanh trục Y ---
Quay 90° quanh trục Y, pivot (5, 5, 5)
Điểm gốc: (10, 20, 30)
Kết quả: (30.00, 20.00, -20.00)

--- TEST 5: PHÉP QUAY (Rotation) quanh trục Z ---
Quay 90° quanh trục Z, pivot (5, 5, 5)
Điểm gốc: (10, 20, 30)
Kết quả: (-30.00, 10.00, 30.00)

--- TEST 6: PHÉP ĐỐI XỨNG (Reflection) qua gốc tọa độ ---
Đối xứng qua gốc tọa độ
Điểm gốc: (10, 20, 30)
Kết quả: (-10, -20, -30)

--- TEST 7: PHÉP ĐỐI XỨNG (Reflection) qua mặt phẳng XY ---
Đối xứng qua mặt phẳng XY (lật Z)
Điểm gốc: (10, 20, 30)
Kết quả: (10, 20, -30)

--- TEST 8: PHÉP ĐỐI XỨNG (Reflection) qua 1 điểm pivot bất kỳ ---
Đối xứng qua pivot (5, 5, 5)
Điểm gốc: (10, 20, 30)
Kết quả: (-20.00, -30.00, -40.00)

--- TEST 9: KẾT HỢP NHIỀU PHÉP BIẾN ĐỔI ---
Tịnh tiến (5,0,0) rồi quay 45° quanh Z
Điểm gốc: (1, 0, 0)
Kết quả: (4.24, 4.24, 0.00)

--- TEST 10: TRANSFORM NHIỀU ĐIỂM CÙNG LÚC ---
Tịnh tiến tất cả điểm (5, 5, 5):
  1. (0, 0, 0) → (5, 5, 5)
  2. (10, 0, 0) → (15, 5, 5)
  3. (0, 10, 0) → (5, 15, 5)
  4. (10, 10, 0) → (15, 15, 5)

✅ Tất cả test hoàn thành!
